============================= test session starts =============================
platform win32 -- Python 3.12.10, pytest-8.4.2, pluggy-1.6.0
rootdir: C:\Users\karstenh\OneDrive\Devel\Tests\ZenWeek
collected 5 items

tests\test_app.py .....                                                  [100%]

============================== warnings summary ===============================
tests/test_app.py::test_create_task
  C:\Users\karstenh\OneDrive\Devel\Tests\ZenWeek\app.py:205: DeprecationWarning: The default datetime adapter is deprecated as of Python 3.12; see the sqlite3 documentation for suggested replacement recipes
    cursor.execute(query, params)

-- Docs: https://docs.pytest.org/en/stable/how-to/capture-warnings.html
======================== 5 passed, 1 warning in 1.08s =========================
